Alternating linked list: {
    int value = 0
    NodeB *next = POINTER ({
        float value = -1.230000
        NodeA *next = POINTER ({
            int value = 4
            NodeB *next = POINTER ({
                float value = -3.690000
                NodeA *next = POINTER ({
                    int value = 8
                    NodeB *next = POINTER ({
                        float value = -6.150000
                        NodeA *next = NULL
                    })
                })
            })
        })
    })
}
