{
    union <anonymous> = <union> {
        float f = 1.230000
        uint32_t u = 1067282596
    }
    struct <anonymous> = {
        const char *str = POINTER ("str")
        int i = 1
    }
}
<union> {
    struct <anonymous> = {
        int i = 321
        float f = 1.230000
    }
    union <anonymous> = <union> {
        uint32_t u = 321
    }
}
