Array of 1s: [1 <repeats 32 times>]
Array of arrays of 2s: [
    [2 <repeats 8 times>] <repeats 16 times>
]
