Different format specifiers: 100 100 100 100 100 100 100 100 100
Escaped format specifier: 100 %
(uprintf) [ERROR] Unfinished format specifier at the end of the line at tests/format_string.c:11.
(uprintf) [ERROR] Unfinished format specifier at the end of the line at tests/format_string.c:15.
(uprintf) [ERROR] Unknown format specifier "%3" at tests/format_string.c:19.
(uprintf) [ERROR] Unknown format specifier "%-" at tests/format_string.c:23.
