(uprintf) [ERROR] Generics are not supported at tests/generic.c:20.
