-1
-1
-1
-1
-1
-1
-1
-1
-1
-1
-1
65535
65535
65535
65535
65535
65535
65535
65535
-1
-1
-1
-1
4294967295
4294967295
4294967295
-1
-1
-1
-1
-1
-1
-1
-1
-1
-1
-1
18446744073709551615
18446744073709551615
18446744073709551615
18446744073709551615
18446744073709551615
18446744073709551615
18446744073709551615
18446744073709551615
-1
-1
-1
-1
-1
-1
-1
-1
-1
-1
-1
-1
-1
-1
-1
-1
-1
-1
-1
18446744073709551615
18446744073709551615
18446744073709551615
18446744073709551615
18446744073709551615
18446744073709551615
18446744073709551615
18446744073709551615
18446744073709551615
18446744073709551615
18446744073709551615
18446744073709551615
18446744073709551615
18446744073709551615
18446744073709551615
