Linked list: {
    int value = 0
    Node *next = POINTER ({
        int value = 2
        Node *next = POINTER ({
            int value = 4
            Node *next = POINTER ({
                int value = 6
                Node *next = POINTER ({
                    int value = 8
                    Node *next = POINTER ({
                        int value = 10
                        Node *next = NULL
                    })
                })
            })
        })
    })
}
