{
    int i = 1
    float f = 0.100000
}
1
2
{
    int i = 1
    float f = 2.300000
}
