Out-of-bounds string pointer: POINTER (<out-of-bounds>)
