u8: 255
u16: 65535
u32: 4294967295
u64: 18446744073709551615
i8: -128
i16: -32768
i32: -2147483648
i64: -9223372036854775807
f32: 0.123000
f64: -0.321000
uch: 99 ('c')
sch: 157
void_ptr: POINTER
int_ptr: POINTER (1)
null_ptr: NULL
ch_ptr: POINTER ("c")
str: POINTER ("string")
b: false
void_fun: POINTER (void void_fun())
other_fun: POINTER (int other_fun(char a, float *b, long unsigned int c))
