POINTER (void fun1(int &&i))
POINTER (void fun2(int *&&i))
