10-char string: POINTER ("0123456789")
11-char string: POINTER ("0123456789"...)
