Union with bit: <union> {
    uint8_t bit = 5 <3 bits>
    uint64_t u64 = 5
    float f32 = 0.000000
    int *int_ptr = 0x5 (<out-of-bounds>)
    const char *str = 0x5 (<out-of-bounds>)
    _Bool b = true
    void() fun = <out-of-bounds>
}
Union with u64: <union> {
    uint8_t bit = 7 <3 bits>
    uint64_t u64 = 18446744073709551615
    float f32 = -nan
    int *int_ptr = POINTER (<out-of-bounds>)
    const char *str = POINTER (<out-of-bounds>)
    _Bool b = true
    void() fun = <out-of-bounds>
}
Union with f32: <union> {
    uint8_t bit = 5 <3 bits>
    uint64_t u64 = 1039918957
    float f32 = 0.123000
    int *int_ptr = POINTER (<out-of-bounds>)
    const char *str = POINTER (<out-of-bounds>)
    _Bool b = true
    void() fun = <out-of-bounds>
}
Union with int*: <union> {
    uint8_t bit = 0 <3 bits>
    uint64_t u64 = 135381464896304
    float f32 = -50650548821118699956299211210752.000000
    int *int_ptr = POINTER (1)
    const char *str = POINTER ("")
    _Bool b = true
    void() fun = POINTER
}
Union with str: <union> {
    uint8_t bit = 0 <3 bits>
    uint64_t u64 = 93893948657792
    float f32 = 4516029562342038568960.000000
    int *int_ptr = POINTER (1769108595)
    const char *str = POINTER ("string")
    _Bool b = true
    void() fun = POINTER
}
Union with function pointer: <union> {
    uint8_t bit = 1 <3 bits>
    uint64_t u64 = 93893948480249
    float f32 = 4466055650551898570752.000000
    int *int_ptr = POINTER (-443987883)
    const char *str = POINTER ("UH��]�UH��AVAUATSH�� ")
    _Bool b = true
    void() fun = POINTER (void foo())
}
