(uprintf) [ERROR] Cannot print type void. To print the void pointer itself, get a pointer to "v" at tests/void_pointers.c:8.
void* POINTER
void** POINTER, void* POINTER
void*** POINTER, void** POINTER
void*[] [POINTER, POINTER, POINTER]
